---
source: tests/openapi.rs
expression: doc
---
{
  "components": {
    "schemas": {
      "ErrorBody": {
        "properties": {
          "code": {
            "$ref": "#/components/schemas/ErrorCode"
          },
          "message": {
            "type": "string"
          },
          "requestId": {
            "description": "The request's `X-Request-Id`.",
            "type": [
              "string",
              "null"
            ]
          },
          "retryAfter": {
            "description": "Seconds to wait before retrying; also sent as `Retry-After`.",
            "format": "int64",
            "minimum": 0,
            "type": [
              "integer",
              "null"
            ]
          }
        },
        "required": [
          "code",
          "message"
        ],
        "type": "object"
      },
      "ErrorCode": {
        "description": "v1's closed set of error codes, serialised verbatim.",
        "enum": [
          "UNAUTHORIZED",
          "FORBIDDEN",
          "QUOTA_EXCEEDED",
          "NOT_FOUND",
          "UPSTREAM_ERROR",
          "RATE_LIMITED",
          "BAD_REGION",
          "VALIDATION",
          "INTERNAL"
        ],
        "type": "string"
      },
      "ErrorResponse": {
        "description": "The error envelope as documented in OpenAPI (v1 `ErrorResponse`, plus `requestId`).",
        "properties": {
          "error": {
            "$ref": "#/components/schemas/ErrorBody"
          }
        },
        "required": [
          "error"
        ],
        "type": "object"
      },
      "Health": {
        "properties": {
          "ok": {
            "type": "boolean"
          }
        },
        "required": [
          "ok"
        ],
        "type": "object"
      },
      "Ready": {
        "description": "v1 returned `{ok, redis, postgres, keyScope}`. v2 has one store, so `sqlite` replaces\nthe two backend booleans, and `limiter` says the checkpoint was restored\n(design/07). `keyScope` is v1's (ADR-011).",
        "properties": {
          "keyScope": {
            "type": "string"
          },
          "limiter": {
            "type": "boolean"
          },
          "ok": {
            "type": "boolean"
          },
          "sqlite": {
            "type": "boolean"
          }
        },
        "required": [
          "ok",
          "sqlite",
          "limiter",
          "keyScope"
        ],
        "type": "object"
      }
    },
    "securitySchemes": {
      "bearerAuth": {
        "description": "A consumer key, `rpx_…`, issued by `riot-proxy key create` or `POST /v1/admin/consumers` and shown exactly once. Only its SHA-256 is stored.",
        "scheme": "bearer",
        "type": "http"
      },
      "tokenQuery": {
        "description": "**WebSocket handshake only.** A browser `WebSocket` cannot set an `Authorization` header, so `/v1/ws` takes the same key as `?token=`. Avoid it on HTTP routes: a key in a query string ends up in access logs.",
        "in": "query",
        "name": "token",
        "type": "apiKey"
      }
    }
  },
  "info": {
    "description": "A self-hosted proxy between [Riot's public API](https://developer.riotgames.com/) and everything downstream of it. It holds one Riot key, spends it carefully, and gives its consumers their own keys and quotas.\n\n- **Rate limits:** read from Riot's own response headers. Requests a user is waiting on go ahead of background work.\n- **Caching and archive:** repeated reads are served from cache; matches are immutable and archived.\n- **One error envelope:** `{\"error\":{\"code\",\"message\",\"requestId\",\"retryAfter?\"}}`.\n\n### Response headers\n\n| Header | Meaning |\n|---|---|\n| `X-Cache` | `HIT`, `MISS`, `STALE`, `HIT-NEG` (a cached 404), `ARCHIVE` (from the match archive), `BYPASS` (`?refresh=true`) |\n| `X-Cache-Age` | Age of the **content** in seconds, not of the last fetch |\n| `X-RateLimit-Limit` / `-Remaining` / `-Reset` | Your consumer quota |\n| `X-Request-Id` | Quote this when reporting a problem |\n",
    "license": {
      "identifier": "MIT",
      "name": "MIT"
    },
    "title": "riot-proxy",
    "version": "0.1.0"
  },
  "openapi": "3.1.0",
  "paths": {
    "/healthz": {
      "get": {
        "description": "Answers as long as the process is up. It touches nothing, so a 200 says only that the process is serving; use `/readyz` to decide whether to send traffic.",
        "operationId": "healthz",
        "responses": {
          "200": {
            "content": {
              "application/json": {
                "schema": {
                  "$ref": "#/components/schemas/Health"
                }
              }
            },
            "description": "Up"
          }
        },
        "security": [
          {}
        ],
        "summary": "Liveness",
        "tags": [
          "ops"
        ]
      }
    },
    "/metrics": {
      "get": {
        "description": "Prometheus text exposition format, not JSON. Behind a reverse proxy, restrict this path to private ranges.",
        "operationId": "render_metrics",
        "responses": {
          "200": {
            "content": {
              "text/plain": {
                "schema": {
                  "type": "string"
                }
              }
            },
            "description": "Prometheus text exposition format"
          }
        },
        "security": [
          {}
        ],
        "summary": "Prometheus metrics",
        "tags": [
          "ops"
        ]
      }
    },
    "/readyz": {
      "get": {
        "description": "SQLite can take a write and the limiter checkpoint is restored. **The 503 carries the same body as the 200**, so the booleans name what is not ready.",
        "operationId": "readyz",
        "responses": {
          "200": {
            "content": {
              "application/json": {
                "schema": {
                  "$ref": "#/components/schemas/Ready"
                }
              }
            },
            "description": "Ready"
          },
          "503": {
            "content": {
              "application/json": {
                "schema": {
                  "$ref": "#/components/schemas/Ready"
                }
              }
            },
            "description": "Not ready"
          }
        },
        "security": [
          {}
        ],
        "summary": "Readiness",
        "tags": [
          "ops"
        ]
      }
    },
    "/v1/lol/league/apex/{platform}/{tier}/{queue}": {
      "get": {
        "description": "MASTER, GRANDMASTER or CHALLENGER for one queue. One request returns every entry; not paged.",
        "operationId": "league_apex",
        "parameters": [
          {
            "description": "Platform routing value",
            "in": "path",
            "name": "platform",
            "required": true,
            "schema": {
              "type": "string"
            }
          },
          {
            "description": "MASTER, GRANDMASTER or CHALLENGER",
            "in": "path",
            "name": "tier",
            "required": true,
            "schema": {
              "type": "string"
            }
          },
          {
            "description": "RANKED_SOLO_5x5 or RANKED_FLEX_SR",
            "in": "path",
            "name": "queue",
            "required": true,
            "schema": {
              "type": "string"
            }
          }
        ],
        "responses": {
          "200": {
            "content": {
              "application/json": {}
            },
            "description": "Riot's payload, unmodified. `X-Cache` and `X-Cache-Age` describe where it came from."
          },
          "400": {
            "content": {
              "application/json": {
                "schema": {
                  "$ref": "#/components/schemas/ErrorResponse"
                }
              }
            },
            "description": "A parameter failed validation (`VALIDATION`, or `BAD_REGION` for a platform or region)."
          },
          "401": {
            "content": {
              "application/json": {
                "schema": {
                  "$ref": "#/components/schemas/ErrorResponse"
                }
              }
            },
            "description": "Missing or invalid key."
          },
          "403": {
            "content": {
              "application/json": {
                "schema": {
                  "$ref": "#/components/schemas/ErrorResponse"
                }
              }
            },
            "description": "The key lacks a scope."
          },
          "404": {
            "content": {
              "application/json": {
                "schema": {
                  "$ref": "#/components/schemas/ErrorResponse"
                }
              }
            },
            "description": "Not found upstream; a cached 404 carries `X-Cache: HIT-NEG`."
          },
          "429": {
            "content": {
              "application/json": {
                "schema": {
                  "$ref": "#/components/schemas/ErrorResponse"
                }
              }
            },
            "description": "Your consumer quota is spent (`QUOTA_EXCEEDED`)."
          },
          "502": {
            "content": {
              "application/json": {
                "schema": {
                  "$ref": "#/components/schemas/ErrorResponse"
                }
              }
            },
            "description": "Riot failed or rejected the proxy's key (`UPSTREAM_ERROR`)."
          },
          "503": {
            "content": {
              "application/json": {
                "schema": {
                  "$ref": "#/components/schemas/ErrorResponse"
                }
              }
            },
            "description": "Riot's rate limit budget is exhausted (`RATE_LIMITED`, with `Retry-After`)."
          }
        },
        "summary": "Read a whole apex league",
        "tags": [
          "lol"
        ]
      }
    },
    "/v1/lol/league/entries/by-puuid/{platform}/{puuid}": {
      "get": {
        "description": "league-v4 entries for one player, passed through.",
        "operationId": "league_entries_by_puuid",
        "parameters": [
          {
            "description": "Platform routing value",
            "in": "path",
            "name": "platform",
            "required": true,
            "schema": {
              "type": "string"
            }
          },
          {
            "description": "Encrypted player UUID",
            "in": "path",
            "name": "puuid",
            "required": true,
            "schema": {
              "type": "string"
            }
          }
        ],
        "responses": {
          "200": {
            "content": {
              "application/json": {}
            },
            "description": "Riot's payload, unmodified. `X-Cache` and `X-Cache-Age` describe where it came from."
          },
          "400": {
            "content": {
              "application/json": {
                "schema": {
                  "$ref": "#/components/schemas/ErrorResponse"
                }
              }
            },
            "description": "A parameter failed validation (`VALIDATION`, or `BAD_REGION` for a platform or region)."
          },
          "401": {
            "content": {
              "application/json": {
                "schema": {
                  "$ref": "#/components/schemas/ErrorResponse"
                }
              }
            },
            "description": "Missing or invalid key."
          },
          "403": {
            "content": {
              "application/json": {
                "schema": {
                  "$ref": "#/components/schemas/ErrorResponse"
                }
              }
            },
            "description": "The key lacks a scope."
          },
          "404": {
            "content": {
              "application/json": {
                "schema": {
                  "$ref": "#/components/schemas/ErrorResponse"
                }
              }
            },
            "description": "Not found upstream; a cached 404 carries `X-Cache: HIT-NEG`."
          },
          "429": {
            "content": {
              "application/json": {
                "schema": {
                  "$ref": "#/components/schemas/ErrorResponse"
                }
              }
            },
            "description": "Your consumer quota is spent (`QUOTA_EXCEEDED`)."
          },
          "502": {
            "content": {
              "application/json": {
                "schema": {
                  "$ref": "#/components/schemas/ErrorResponse"
                }
              }
            },
            "description": "Riot failed or rejected the proxy's key (`UPSTREAM_ERROR`)."
          },
          "503": {
            "content": {
              "application/json": {
                "schema": {
                  "$ref": "#/components/schemas/ErrorResponse"
                }
              }
            },
            "description": "Riot's rate limit budget is exhausted (`RATE_LIMITED`, with `Retry-After`)."
          }
        },
        "summary": "Ranked entries by PUUID",
        "tags": [
          "lol"
        ]
      }
    },
    "/v1/lol/league/entries/{platform}/{queue}/{tier}/{division}": {
      "get": {
        "description": "One ~205-entry page of the ladder. Pages are 1-based; a page past the end of the division returns an empty array rather than a 404.",
        "operationId": "league_entries_page",
        "parameters": [
          {
            "description": "Platform routing value",
            "in": "path",
            "name": "platform",
            "required": true,
            "schema": {
              "type": "string"
            }
          },
          {
            "description": "RANKED_SOLO_5x5 or RANKED_FLEX_SR",
            "in": "path",
            "name": "queue",
            "required": true,
            "schema": {
              "type": "string"
            }
          },
          {
            "description": "IRON … DIAMOND (apex tiers have their own route)",
            "in": "path",
            "name": "tier",
            "required": true,
            "schema": {
              "type": "string"
            }
          },
          {
            "description": "I … IV",
            "in": "path",
            "name": "division",
            "required": true,
            "schema": {
              "type": "string"
            }
          },
          {
            "description": "1-based page, default 1 (max 100000)",
            "in": "query",
            "name": "page",
            "required": false,
            "schema": {
              "format": "int64",
              "type": "integer"
            }
          }
        ],
        "responses": {
          "200": {
            "content": {
              "application/json": {}
            },
            "description": "Riot's payload, unmodified. `X-Cache` and `X-Cache-Age` describe where it came from."
          },
          "400": {
            "content": {
              "application/json": {
                "schema": {
                  "$ref": "#/components/schemas/ErrorResponse"
                }
              }
            },
            "description": "A parameter failed validation (`VALIDATION`, or `BAD_REGION` for a platform or region)."
          },
          "401": {
            "content": {
              "application/json": {
                "schema": {
                  "$ref": "#/components/schemas/ErrorResponse"
                }
              }
            },
            "description": "Missing or invalid key."
          },
          "403": {
            "content": {
              "application/json": {
                "schema": {
                  "$ref": "#/components/schemas/ErrorResponse"
                }
              }
            },
            "description": "The key lacks a scope."
          },
          "404": {
            "content": {
              "application/json": {
                "schema": {
                  "$ref": "#/components/schemas/ErrorResponse"
                }
              }
            },
            "description": "Not found upstream; a cached 404 carries `X-Cache: HIT-NEG`."
          },
          "429": {
            "content": {
              "application/json": {
                "schema": {
                  "$ref": "#/components/schemas/ErrorResponse"
                }
              }
            },
            "description": "Your consumer quota is spent (`QUOTA_EXCEEDED`)."
          },
          "502": {
            "content": {
              "application/json": {
                "schema": {
                  "$ref": "#/components/schemas/ErrorResponse"
                }
              }
            },
            "description": "Riot failed or rejected the proxy's key (`UPSTREAM_ERROR`)."
          },
          "503": {
            "content": {
              "application/json": {
                "schema": {
                  "$ref": "#/components/schemas/ErrorResponse"
                }
              }
            },
            "description": "Riot's rate limit budget is exhausted (`RATE_LIMITED`, with `Retry-After`)."
          }
        },
        "summary": "Walk one page of a tier and division",
        "tags": [
          "lol"
        ]
      }
    },
    "/v1/lol/mastery/by-puuid/{platform}/{puuid}": {
      "get": {
        "description": "champion-mastery-v4, passed through. `top=N` returns the top N.",
        "operationId": "mastery_by_puuid",
        "parameters": [
          {
            "description": "Platform routing value",
            "in": "path",
            "name": "platform",
            "required": true,
            "schema": {
              "type": "string"
            }
          },
          {
            "description": "Encrypted player UUID",
            "in": "path",
            "name": "puuid",
            "required": true,
            "schema": {
              "type": "string"
            }
          },
          {
            "description": "1–200: only the top N champions",
            "in": "query",
            "name": "top",
            "required": false,
            "schema": {
              "format": "int64",
              "type": "integer"
            }
          }
        ],
        "responses": {
          "200": {
            "content": {
              "application/json": {}
            },
            "description": "Riot's payload, unmodified. `X-Cache` and `X-Cache-Age` describe where it came from."
          },
          "400": {
            "content": {
              "application/json": {
                "schema": {
                  "$ref": "#/components/schemas/ErrorResponse"
                }
              }
            },
            "description": "A parameter failed validation (`VALIDATION`, or `BAD_REGION` for a platform or region)."
          },
          "401": {
            "content": {
              "application/json": {
                "schema": {
                  "$ref": "#/components/schemas/ErrorResponse"
                }
              }
            },
            "description": "Missing or invalid key."
          },
          "403": {
            "content": {
              "application/json": {
                "schema": {
                  "$ref": "#/components/schemas/ErrorResponse"
                }
              }
            },
            "description": "The key lacks a scope."
          },
          "404": {
            "content": {
              "application/json": {
                "schema": {
                  "$ref": "#/components/schemas/ErrorResponse"
                }
              }
            },
            "description": "Not found upstream; a cached 404 carries `X-Cache: HIT-NEG`."
          },
          "429": {
            "content": {
              "application/json": {
                "schema": {
                  "$ref": "#/components/schemas/ErrorResponse"
                }
              }
            },
            "description": "Your consumer quota is spent (`QUOTA_EXCEEDED`)."
          },
          "502": {
            "content": {
              "application/json": {
                "schema": {
                  "$ref": "#/components/schemas/ErrorResponse"
                }
              }
            },
            "description": "Riot failed or rejected the proxy's key (`UPSTREAM_ERROR`)."
          },
          "503": {
            "content": {
              "application/json": {
                "schema": {
                  "$ref": "#/components/schemas/ErrorResponse"
                }
              }
            },
            "description": "Riot's rate limit budget is exhausted (`RATE_LIMITED`, with `Retry-After`)."
          }
        },
        "summary": "Champion mastery",
        "tags": [
          "lol"
        ]
      }
    },
    "/v1/lol/matches/ids/{region}/{puuid}": {
      "get": {
        "description": "match-v5 id list, passed through. `start` defaults to 0 and `count` to 20 (1–100).",
        "operationId": "match_ids",
        "parameters": [
          {
            "description": "Regional routing value",
            "in": "path",
            "name": "region",
            "required": true,
            "schema": {
              "type": "string"
            }
          },
          {
            "description": "Encrypted player UUID",
            "in": "path",
            "name": "puuid",
            "required": true,
            "schema": {
              "type": "string"
            }
          },
          {
            "description": "0–10000, default 0",
            "in": "query",
            "name": "start",
            "required": false,
            "schema": {
              "format": "int64",
              "type": "integer"
            }
          },
          {
            "description": "1–100, default 20",
            "in": "query",
            "name": "count",
            "required": false,
            "schema": {
              "format": "int64",
              "type": "integer"
            }
          },
          {
            "description": "Queue id, 0–5000",
            "in": "query",
            "name": "queue",
            "required": false,
            "schema": {
              "format": "int64",
              "type": "integer"
            }
          },
          {
            "description": "ranked, normal, tourney or tutorial",
            "in": "query",
            "name": "type",
            "required": false,
            "schema": {
              "type": "string"
            }
          },
          {
            "description": "Epoch seconds, ≥ 0",
            "in": "query",
            "name": "startTime",
            "required": false,
            "schema": {
              "format": "int64",
              "type": "integer"
            }
          },
          {
            "description": "Epoch seconds, ≥ 0",
            "in": "query",
            "name": "endTime",
            "required": false,
            "schema": {
              "format": "int64",
              "type": "integer"
            }
          }
        ],
        "responses": {
          "200": {
            "content": {
              "application/json": {}
            },
            "description": "Riot's payload, unmodified. `X-Cache` and `X-Cache-Age` describe where it came from."
          },
          "400": {
            "content": {
              "application/json": {
                "schema": {
                  "$ref": "#/components/schemas/ErrorResponse"
                }
              }
            },
            "description": "A parameter failed validation (`VALIDATION`, or `BAD_REGION` for a platform or region)."
          },
          "401": {
            "content": {
              "application/json": {
                "schema": {
                  "$ref": "#/components/schemas/ErrorResponse"
                }
              }
            },
            "description": "Missing or invalid key."
          },
          "403": {
            "content": {
              "application/json": {
                "schema": {
                  "$ref": "#/components/schemas/ErrorResponse"
                }
              }
            },
            "description": "The key lacks a scope."
          },
          "404": {
            "content": {
              "application/json": {
                "schema": {
                  "$ref": "#/components/schemas/ErrorResponse"
                }
              }
            },
            "description": "Not found upstream; a cached 404 carries `X-Cache: HIT-NEG`."
          },
          "429": {
            "content": {
              "application/json": {
                "schema": {
                  "$ref": "#/components/schemas/ErrorResponse"
                }
              }
            },
            "description": "Your consumer quota is spent (`QUOTA_EXCEEDED`)."
          },
          "502": {
            "content": {
              "application/json": {
                "schema": {
                  "$ref": "#/components/schemas/ErrorResponse"
                }
              }
            },
            "description": "Riot failed or rejected the proxy's key (`UPSTREAM_ERROR`)."
          },
          "503": {
            "content": {
              "application/json": {
                "schema": {
                  "$ref": "#/components/schemas/ErrorResponse"
                }
              }
            },
            "description": "Riot's rate limit budget is exhausted (`RATE_LIMITED`, with `Retry-After`)."
          }
        },
        "summary": "Match ids by PUUID",
        "tags": [
          "lol"
        ]
      }
    },
    "/v1/lol/matches/{region}/{matchId}": {
      "get": {
        "description": "match-v5, passed through. Matches are immutable and served from the archive once seen (`X-Cache: ARCHIVE`). The match id's platform must belong to `region`.",
        "operationId": "match_by_id",
        "parameters": [
          {
            "description": "Regional routing value",
            "in": "path",
            "name": "region",
            "required": true,
            "schema": {
              "type": "string"
            }
          },
          {
            "description": "Platform-prefixed id, e.g. EUW1_7381937461",
            "in": "path",
            "name": "matchId",
            "required": true,
            "schema": {
              "type": "string"
            }
          }
        ],
        "responses": {
          "200": {
            "content": {
              "application/json": {}
            },
            "description": "Riot's payload, unmodified. `X-Cache` and `X-Cache-Age` describe where it came from."
          },
          "400": {
            "content": {
              "application/json": {
                "schema": {
                  "$ref": "#/components/schemas/ErrorResponse"
                }
              }
            },
            "description": "A parameter failed validation (`VALIDATION`, or `BAD_REGION` for a platform or region)."
          },
          "401": {
            "content": {
              "application/json": {
                "schema": {
                  "$ref": "#/components/schemas/ErrorResponse"
                }
              }
            },
            "description": "Missing or invalid key."
          },
          "403": {
            "content": {
              "application/json": {
                "schema": {
                  "$ref": "#/components/schemas/ErrorResponse"
                }
              }
            },
            "description": "The key lacks a scope."
          },
          "404": {
            "content": {
              "application/json": {
                "schema": {
                  "$ref": "#/components/schemas/ErrorResponse"
                }
              }
            },
            "description": "Not found upstream; a cached 404 carries `X-Cache: HIT-NEG`."
          },
          "429": {
            "content": {
              "application/json": {
                "schema": {
                  "$ref": "#/components/schemas/ErrorResponse"
                }
              }
            },
            "description": "Your consumer quota is spent (`QUOTA_EXCEEDED`)."
          },
          "502": {
            "content": {
              "application/json": {
                "schema": {
                  "$ref": "#/components/schemas/ErrorResponse"
                }
              }
            },
            "description": "Riot failed or rejected the proxy's key (`UPSTREAM_ERROR`)."
          },
          "503": {
            "content": {
              "application/json": {
                "schema": {
                  "$ref": "#/components/schemas/ErrorResponse"
                }
              }
            },
            "description": "Riot's rate limit budget is exhausted (`RATE_LIMITED`, with `Retry-After`)."
          }
        },
        "summary": "Match by id",
        "tags": [
          "lol"
        ]
      }
    },
    "/v1/lol/matches/{region}/{matchId}/timeline": {
      "get": {
        "description": "match-v5 timeline, passed through. Immutable, like the match.",
        "operationId": "match_timeline",
        "parameters": [
          {
            "description": "Regional routing value",
            "in": "path",
            "name": "region",
            "required": true,
            "schema": {
              "type": "string"
            }
          },
          {
            "description": "Platform-prefixed id",
            "in": "path",
            "name": "matchId",
            "required": true,
            "schema": {
              "type": "string"
            }
          }
        ],
        "responses": {
          "200": {
            "content": {
              "application/json": {}
            },
            "description": "Riot's payload, unmodified. `X-Cache` and `X-Cache-Age` describe where it came from."
          },
          "400": {
            "content": {
              "application/json": {
                "schema": {
                  "$ref": "#/components/schemas/ErrorResponse"
                }
              }
            },
            "description": "A parameter failed validation (`VALIDATION`, or `BAD_REGION` for a platform or region)."
          },
          "401": {
            "content": {
              "application/json": {
                "schema": {
                  "$ref": "#/components/schemas/ErrorResponse"
                }
              }
            },
            "description": "Missing or invalid key."
          },
          "403": {
            "content": {
              "application/json": {
                "schema": {
                  "$ref": "#/components/schemas/ErrorResponse"
                }
              }
            },
            "description": "The key lacks a scope."
          },
          "404": {
            "content": {
              "application/json": {
                "schema": {
                  "$ref": "#/components/schemas/ErrorResponse"
                }
              }
            },
            "description": "Not found upstream; a cached 404 carries `X-Cache: HIT-NEG`."
          },
          "429": {
            "content": {
              "application/json": {
                "schema": {
                  "$ref": "#/components/schemas/ErrorResponse"
                }
              }
            },
            "description": "Your consumer quota is spent (`QUOTA_EXCEEDED`)."
          },
          "502": {
            "content": {
              "application/json": {
                "schema": {
                  "$ref": "#/components/schemas/ErrorResponse"
                }
              }
            },
            "description": "Riot failed or rejected the proxy's key (`UPSTREAM_ERROR`)."
          },
          "503": {
            "content": {
              "application/json": {
                "schema": {
                  "$ref": "#/components/schemas/ErrorResponse"
                }
              }
            },
            "description": "Riot's rate limit budget is exhausted (`RATE_LIMITED`, with `Retry-After`)."
          }
        },
        "summary": "Match timeline",
        "tags": [
          "lol"
        ]
      }
    },
    "/v1/lol/rotations/{platform}": {
      "get": {
        "description": "champion-v3 rotations, passed through.",
        "operationId": "rotations",
        "parameters": [
          {
            "description": "Platform routing value",
            "in": "path",
            "name": "platform",
            "required": true,
            "schema": {
              "type": "string"
            }
          }
        ],
        "responses": {
          "200": {
            "content": {
              "application/json": {}
            },
            "description": "Riot's payload, unmodified. `X-Cache` and `X-Cache-Age` describe where it came from."
          },
          "400": {
            "content": {
              "application/json": {
                "schema": {
                  "$ref": "#/components/schemas/ErrorResponse"
                }
              }
            },
            "description": "A parameter failed validation (`VALIDATION`, or `BAD_REGION` for a platform or region)."
          },
          "401": {
            "content": {
              "application/json": {
                "schema": {
                  "$ref": "#/components/schemas/ErrorResponse"
                }
              }
            },
            "description": "Missing or invalid key."
          },
          "403": {
            "content": {
              "application/json": {
                "schema": {
                  "$ref": "#/components/schemas/ErrorResponse"
                }
              }
            },
            "description": "The key lacks a scope."
          },
          "404": {
            "content": {
              "application/json": {
                "schema": {
                  "$ref": "#/components/schemas/ErrorResponse"
                }
              }
            },
            "description": "Not found upstream; a cached 404 carries `X-Cache: HIT-NEG`."
          },
          "429": {
            "content": {
              "application/json": {
                "schema": {
                  "$ref": "#/components/schemas/ErrorResponse"
                }
              }
            },
            "description": "Your consumer quota is spent (`QUOTA_EXCEEDED`)."
          },
          "502": {
            "content": {
              "application/json": {
                "schema": {
                  "$ref": "#/components/schemas/ErrorResponse"
                }
              }
            },
            "description": "Riot failed or rejected the proxy's key (`UPSTREAM_ERROR`)."
          },
          "503": {
            "content": {
              "application/json": {
                "schema": {
                  "$ref": "#/components/schemas/ErrorResponse"
                }
              }
            },
            "description": "Riot's rate limit budget is exhausted (`RATE_LIMITED`, with `Retry-After`)."
          }
        },
        "summary": "Free champion rotation",
        "tags": [
          "lol"
        ]
      }
    },
    "/v1/lol/spectator/active/{platform}/{puuid}": {
      "get": {
        "description": "spectator-v5, passed through. Not in a game is a 404, negatively cached briefly.",
        "operationId": "spectator_active",
        "parameters": [
          {
            "description": "Platform routing value",
            "in": "path",
            "name": "platform",
            "required": true,
            "schema": {
              "type": "string"
            }
          },
          {
            "description": "Encrypted player UUID",
            "in": "path",
            "name": "puuid",
            "required": true,
            "schema": {
              "type": "string"
            }
          }
        ],
        "responses": {
          "200": {
            "content": {
              "application/json": {}
            },
            "description": "Riot's payload, unmodified. `X-Cache` and `X-Cache-Age` describe where it came from."
          },
          "400": {
            "content": {
              "application/json": {
                "schema": {
                  "$ref": "#/components/schemas/ErrorResponse"
                }
              }
            },
            "description": "A parameter failed validation (`VALIDATION`, or `BAD_REGION` for a platform or region)."
          },
          "401": {
            "content": {
              "application/json": {
                "schema": {
                  "$ref": "#/components/schemas/ErrorResponse"
                }
              }
            },
            "description": "Missing or invalid key."
          },
          "403": {
            "content": {
              "application/json": {
                "schema": {
                  "$ref": "#/components/schemas/ErrorResponse"
                }
              }
            },
            "description": "The key lacks a scope."
          },
          "404": {
            "content": {
              "application/json": {
                "schema": {
                  "$ref": "#/components/schemas/ErrorResponse"
                }
              }
            },
            "description": "Not found upstream; a cached 404 carries `X-Cache: HIT-NEG`."
          },
          "429": {
            "content": {
              "application/json": {
                "schema": {
                  "$ref": "#/components/schemas/ErrorResponse"
                }
              }
            },
            "description": "Your consumer quota is spent (`QUOTA_EXCEEDED`)."
          },
          "502": {
            "content": {
              "application/json": {
                "schema": {
                  "$ref": "#/components/schemas/ErrorResponse"
                }
              }
            },
            "description": "Riot failed or rejected the proxy's key (`UPSTREAM_ERROR`)."
          },
          "503": {
            "content": {
              "application/json": {
                "schema": {
                  "$ref": "#/components/schemas/ErrorResponse"
                }
              }
            },
            "description": "Riot's rate limit budget is exhausted (`RATE_LIMITED`, with `Retry-After`)."
          }
        },
        "summary": "Active game",
        "tags": [
          "lol"
        ]
      }
    },
    "/v1/lol/status/{platform}": {
      "get": {
        "description": "lol-status-v4 platform data, passed through.",
        "operationId": "platform_status",
        "parameters": [
          {
            "description": "Platform routing value",
            "in": "path",
            "name": "platform",
            "required": true,
            "schema": {
              "type": "string"
            }
          }
        ],
        "responses": {
          "200": {
            "content": {
              "application/json": {}
            },
            "description": "Riot's payload, unmodified. `X-Cache` and `X-Cache-Age` describe where it came from."
          },
          "400": {
            "content": {
              "application/json": {
                "schema": {
                  "$ref": "#/components/schemas/ErrorResponse"
                }
              }
            },
            "description": "A parameter failed validation (`VALIDATION`, or `BAD_REGION` for a platform or region)."
          },
          "401": {
            "content": {
              "application/json": {
                "schema": {
                  "$ref": "#/components/schemas/ErrorResponse"
                }
              }
            },
            "description": "Missing or invalid key."
          },
          "403": {
            "content": {
              "application/json": {
                "schema": {
                  "$ref": "#/components/schemas/ErrorResponse"
                }
              }
            },
            "description": "The key lacks a scope."
          },
          "404": {
            "content": {
              "application/json": {
                "schema": {
                  "$ref": "#/components/schemas/ErrorResponse"
                }
              }
            },
            "description": "Not found upstream; a cached 404 carries `X-Cache: HIT-NEG`."
          },
          "429": {
            "content": {
              "application/json": {
                "schema": {
                  "$ref": "#/components/schemas/ErrorResponse"
                }
              }
            },
            "description": "Your consumer quota is spent (`QUOTA_EXCEEDED`)."
          },
          "502": {
            "content": {
              "application/json": {
                "schema": {
                  "$ref": "#/components/schemas/ErrorResponse"
                }
              }
            },
            "description": "Riot failed or rejected the proxy's key (`UPSTREAM_ERROR`)."
          },
          "503": {
            "content": {
              "application/json": {
                "schema": {
                  "$ref": "#/components/schemas/ErrorResponse"
                }
              }
            },
            "description": "Riot's rate limit budget is exhausted (`RATE_LIMITED`, with `Retry-After`)."
          }
        },
        "summary": "Platform status",
        "tags": [
          "lol"
        ]
      }
    },
    "/v1/lol/summoners/by-puuid/{platform}/{puuid}": {
      "get": {
        "description": "summoner-v4, passed through.",
        "operationId": "summoner_by_puuid",
        "parameters": [
          {
            "description": "Platform routing value, e.g. euw1",
            "in": "path",
            "name": "platform",
            "required": true,
            "schema": {
              "type": "string"
            }
          },
          {
            "description": "Encrypted player UUID",
            "in": "path",
            "name": "puuid",
            "required": true,
            "schema": {
              "type": "string"
            }
          }
        ],
        "responses": {
          "200": {
            "content": {
              "application/json": {}
            },
            "description": "Riot's payload, unmodified. `X-Cache` and `X-Cache-Age` describe where it came from."
          },
          "400": {
            "content": {
              "application/json": {
                "schema": {
                  "$ref": "#/components/schemas/ErrorResponse"
                }
              }
            },
            "description": "A parameter failed validation (`VALIDATION`, or `BAD_REGION` for a platform or region)."
          },
          "401": {
            "content": {
              "application/json": {
                "schema": {
                  "$ref": "#/components/schemas/ErrorResponse"
                }
              }
            },
            "description": "Missing or invalid key."
          },
          "403": {
            "content": {
              "application/json": {
                "schema": {
                  "$ref": "#/components/schemas/ErrorResponse"
                }
              }
            },
            "description": "The key lacks a scope."
          },
          "404": {
            "content": {
              "application/json": {
                "schema": {
                  "$ref": "#/components/schemas/ErrorResponse"
                }
              }
            },
            "description": "Not found upstream; a cached 404 carries `X-Cache: HIT-NEG`."
          },
          "429": {
            "content": {
              "application/json": {
                "schema": {
                  "$ref": "#/components/schemas/ErrorResponse"
                }
              }
            },
            "description": "Your consumer quota is spent (`QUOTA_EXCEEDED`)."
          },
          "502": {
            "content": {
              "application/json": {
                "schema": {
                  "$ref": "#/components/schemas/ErrorResponse"
                }
              }
            },
            "description": "Riot failed or rejected the proxy's key (`UPSTREAM_ERROR`)."
          },
          "503": {
            "content": {
              "application/json": {
                "schema": {
                  "$ref": "#/components/schemas/ErrorResponse"
                }
              }
            },
            "description": "Riot's rate limit budget is exhausted (`RATE_LIMITED`, with `Retry-After`)."
          }
        },
        "summary": "Summoner by PUUID",
        "tags": [
          "lol"
        ]
      }
    },
    "/v1/riot/accounts/by-puuid/{region}/{puuid}": {
      "get": {
        "description": "account-v1 by PUUID. The body is Riot's, unmodified. PUUIDs are encrypted per API key.",
        "operationId": "account_by_puuid",
        "parameters": [
          {
            "description": "Regional routing value: americas, europe, asia or sea",
            "in": "path",
            "name": "region",
            "required": true,
            "schema": {
              "type": "string"
            }
          },
          {
            "description": "Encrypted player UUID (60–128 characters, [A-Za-z0-9_-])",
            "in": "path",
            "name": "puuid",
            "required": true,
            "schema": {
              "type": "string"
            }
          }
        ],
        "responses": {
          "200": {
            "content": {
              "application/json": {}
            },
            "description": "Riot's payload, unmodified. `X-Cache` and `X-Cache-Age` describe where it came from."
          },
          "400": {
            "content": {
              "application/json": {
                "schema": {
                  "$ref": "#/components/schemas/ErrorResponse"
                }
              }
            },
            "description": "A parameter failed validation (`VALIDATION`, or `BAD_REGION` for a platform or region)."
          },
          "401": {
            "content": {
              "application/json": {
                "schema": {
                  "$ref": "#/components/schemas/ErrorResponse"
                }
              }
            },
            "description": "Missing or invalid key."
          },
          "403": {
            "content": {
              "application/json": {
                "schema": {
                  "$ref": "#/components/schemas/ErrorResponse"
                }
              }
            },
            "description": "The key lacks a scope."
          },
          "404": {
            "content": {
              "application/json": {
                "schema": {
                  "$ref": "#/components/schemas/ErrorResponse"
                }
              }
            },
            "description": "Not found upstream; a cached 404 carries `X-Cache: HIT-NEG`."
          },
          "429": {
            "content": {
              "application/json": {
                "schema": {
                  "$ref": "#/components/schemas/ErrorResponse"
                }
              }
            },
            "description": "Your consumer quota is spent (`QUOTA_EXCEEDED`)."
          },
          "502": {
            "content": {
              "application/json": {
                "schema": {
                  "$ref": "#/components/schemas/ErrorResponse"
                }
              }
            },
            "description": "Riot failed or rejected the proxy's key (`UPSTREAM_ERROR`)."
          },
          "503": {
            "content": {
              "application/json": {
                "schema": {
                  "$ref": "#/components/schemas/ErrorResponse"
                }
              }
            },
            "description": "Riot's rate limit budget is exhausted (`RATE_LIMITED`, with `Retry-After`)."
          }
        },
        "summary": "Account by PUUID",
        "tags": [
          "riot"
        ]
      }
    },
    "/v1/riot/accounts/by-riot-id/{region}/{gameName}/{tagLine}": {
      "get": {
        "description": "account-v1 by Riot ID. The body is Riot's, unmodified. `sea` is accepted and routed to `asia`, since account-v1 has no `sea` host.",
        "operationId": "account_by_riot_id",
        "parameters": [
          {
            "description": "Regional routing value: americas, europe, asia or sea",
            "in": "path",
            "name": "region",
            "required": true,
            "schema": {
              "type": "string"
            }
          },
          {
            "description": "The part of a Riot ID before the `#` (1–16 characters)",
            "in": "path",
            "name": "gameName",
            "required": true,
            "schema": {
              "type": "string"
            }
          },
          {
            "description": "The part of a Riot ID after the `#` (1–5 characters)",
            "in": "path",
            "name": "tagLine",
            "required": true,
            "schema": {
              "type": "string"
            }
          }
        ],
        "responses": {
          "200": {
            "content": {
              "application/json": {}
            },
            "description": "Riot's payload, unmodified. `X-Cache` and `X-Cache-Age` describe where it came from."
          },
          "400": {
            "content": {
              "application/json": {
                "schema": {
                  "$ref": "#/components/schemas/ErrorResponse"
                }
              }
            },
            "description": "A parameter failed validation (`VALIDATION`, or `BAD_REGION` for a platform or region)."
          },
          "401": {
            "content": {
              "application/json": {
                "schema": {
                  "$ref": "#/components/schemas/ErrorResponse"
                }
              }
            },
            "description": "Missing or invalid key."
          },
          "403": {
            "content": {
              "application/json": {
                "schema": {
                  "$ref": "#/components/schemas/ErrorResponse"
                }
              }
            },
            "description": "The key lacks a scope."
          },
          "404": {
            "content": {
              "application/json": {
                "schema": {
                  "$ref": "#/components/schemas/ErrorResponse"
                }
              }
            },
            "description": "Not found upstream; a cached 404 carries `X-Cache: HIT-NEG`."
          },
          "429": {
            "content": {
              "application/json": {
                "schema": {
                  "$ref": "#/components/schemas/ErrorResponse"
                }
              }
            },
            "description": "Your consumer quota is spent (`QUOTA_EXCEEDED`)."
          },
          "502": {
            "content": {
              "application/json": {
                "schema": {
                  "$ref": "#/components/schemas/ErrorResponse"
                }
              }
            },
            "description": "Riot failed or rejected the proxy's key (`UPSTREAM_ERROR`)."
          },
          "503": {
            "content": {
              "application/json": {
                "schema": {
                  "$ref": "#/components/schemas/ErrorResponse"
                }
              }
            },
            "description": "Riot's rate limit budget is exhausted (`RATE_LIMITED`, with `Retry-After`)."
          }
        },
        "summary": "Account by Riot ID",
        "tags": [
          "riot"
        ]
      }
    }
  },
  "security": [
    {
      "bearerAuth": []
    }
  ],
  "servers": [
    {
      "description": "Local development",
      "url": "http://localhost:8080"
    },
    {
      "description": "Your deployment",
      "url": "{scheme}://{host}",
      "variables": {
        "host": {
          "default": "riot-proxy.example.com"
        },
        "scheme": {
          "default": "https",
          "enum": [
            "https",
            "http"
          ]
        }
      }
    }
  ],
  "tags": [
    {
      "description": "Composite player reads",
      "name": "players"
    },
    {
      "description": "Riot account-v1, passed through",
      "name": "riot"
    },
    {
      "description": "League of Legends endpoints",
      "name": "lol"
    },
    {
      "description": "Data Dragon",
      "name": "static"
    },
    {
      "description": "Realtime events",
      "name": "ws"
    },
    {
      "description": "Health and metrics; no key needed",
      "name": "ops"
    },
    {
      "description": "Administration; admin scope and IP allowlist",
      "name": "admin"
    }
  ],
  "x-tagGroups": [
    {
      "name": "Player data",
      "tags": [
        "players",
        "riot",
        "lol"
      ]
    },
    {
      "name": "Static data",
      "tags": [
        "static"
      ]
    },
    {
      "name": "Realtime",
      "tags": [
        "ws"
      ]
    },
    {
      "name": "Operations",
      "tags": [
        "ops"
      ]
    },
    {
      "name": "Administration",
      "tags": [
        "admin"
      ]
    }
  ]
}
