---
source: tests/players_routes.rs
expression: body
---
{
  "backfill": null,
  "count": 5,
  "hasMore": true,
  "matchIds": [
    "KR_8393343196",
    "KR_8393320187",
    "KR_8393276163",
    "KR_8393234454",
    "KR_8393207026"
  ],
  "matchIdsAgeSeconds": 0,
  "matches": [
    {
      "endOfGameResult": "GameComplete",
      "gameCreation": 1790245930375,
      "gameDuration": 1682,
      "gameEndTimestamp": 1790247623902,
      "gameMode": "CLASSIC",
      "gameVersion": "16.19.821.7343",
      "matchId": "KR_8393343196",
      "player": {
        "assists": 14,
        "champLevel": 16,
        "championId": 134,
        "championName": "Syndra",
        "deaths": 6,
        "gameEndedInEarlySurrender": false,
        "goldEarned": 13360,
        "item0": 3137,
        "item1": 3170,
        "item2": 4629,
        "item3": 2503,
        "item4": 1058,
        "item5": 1082,
        "item6": 3363,
        "kills": 8,
        "neutralMinionsKilled": 0,
        "perks": {
          "keystone": 8229,
          "primaryStyle": 8200,
          "subStyle": 8000
        },
        "placement": 0,
        "playerSubteamId": 0,
        "puuid": "NkQRxdiN3U3pEek5MWbWgaxzG_hpH5imJ9Ttch8ql5KM7D6p6Bh-Hbbvn6UoFVdGUBBIvcnEJv72qw",
        "summoner1Id": 12,
        "summoner2Id": 4,
        "teamId": 200,
        "teamPosition": "MIDDLE",
        "totalDamageDealtToChampions": 36696,
        "totalMinionsKilled": 206,
        "visionScore": 33,
        "win": true
      },
      "queueId": 420
    },
    {
      "endOfGameResult": "GameComplete",
      "gameCreation": 1790244772822,
      "gameDuration": 921,
      "gameEndTimestamp": 1790245703561,
      "gameMode": "CLASSIC",
      "gameVersion": "16.19.821.7343",
      "matchId": "KR_8393320187",
      "player": {
        "assists": 5,
        "champLevel": 12,
        "championId": 134,
        "championName": "Syndra",
        "deaths": 0,
        "gameEndedInEarlySurrender": false,
        "goldEarned": 7653,
        "item0": 2031,
        "item1": 2503,
        "item2": 3067,
        "item3": 3170,
        "item4": 1056,
        "item5": 1082,
        "item6": 3363,
        "kills": 5,
        "neutralMinionsKilled": 0,
        "perks": {
          "keystone": 8229,
          "primaryStyle": 8200,
          "subStyle": 8000
        },
        "placement": 0,
        "playerSubteamId": 0,
        "puuid": "NkQRxdiN3U3pEek5MWbWgaxzG_hpH5imJ9Ttch8ql5KM7D6p6Bh-Hbbvn6UoFVdGUBBIvcnEJv72qw",
        "summoner1Id": 12,
        "summoner2Id": 4,
        "teamId": 100,
        "teamPosition": "MIDDLE",
        "totalDamageDealtToChampions": 14264,
        "totalMinionsKilled": 144,
        "visionScore": 12,
        "win": true
      },
      "queueId": 420
    },
    {
      "endOfGameResult": "GameComplete",
      "gameCreation": 1790242416453,
      "gameDuration": 1231,
      "gameEndTimestamp": 1790243656131,
      "gameMode": "CLASSIC",
      "gameVersion": "16.19.821.7343",
      "matchId": "KR_8393276163",
      "player": {
        "assists": 12,
        "champLevel": 14,
        "championId": 143,
        "championName": "Zyra",
        "deaths": 2,
        "gameEndedInEarlySurrender": false,
        "goldEarned": 9441,
        "item0": 2055,
        "item1": 1001,
        "item2": 6653,
        "item3": 1082,
        "item4": 1029,
        "item5": 3116,
        "item6": 3340,
        "kills": 2,
        "neutralMinionsKilled": 159,
        "perks": {
          "keystone": 8112,
          "primaryStyle": 8100,
          "subStyle": 8000
        },
        "placement": 0,
        "playerSubteamId": 0,
        "puuid": "NkQRxdiN3U3pEek5MWbWgaxzG_hpH5imJ9Ttch8ql5KM7D6p6Bh-Hbbvn6UoFVdGUBBIvcnEJv72qw",
        "summoner1Id": 11,
        "summoner2Id": 4,
        "teamId": 200,
        "teamPosition": "JUNGLE",
        "totalDamageDealtToChampions": 13044,
        "totalMinionsKilled": 7,
        "visionScore": 29,
        "win": true
      },
      "queueId": 420
    },
    {
      "endOfGameResult": "GameComplete",
      "gameCreation": 1790240356079,
      "gameDuration": 1560,
      "gameEndTimestamp": 1790241938859,
      "gameMode": "CHERRY",
      "gameVersion": "16.19.821.7343",
      "matchId": "KR_8393234454",
      "player": {
        "assists": 12,
        "champLevel": 15,
        "championId": 516,
        "championName": "Ornn",
        "deaths": 7,
        "gameEndedInEarlySurrender": false,
        "goldEarned": 12840,
        "item0": 223047,
        "item1": 443061,
        "item2": 447101,
        "item3": 223039,
        "item4": 223068,
        "item5": 447114,
        "item6": 3348,
        "kills": 2,
        "neutralMinionsKilled": 0,
        "perks": {
          "keystone": 0,
          "primaryStyle": 0,
          "subStyle": 0
        },
        "placement": 4,
        "playerSubteamId": 1,
        "puuid": "NkQRxdiN3U3pEek5MWbWgaxzG_hpH5imJ9Ttch8ql5KM7D6p6Bh-Hbbvn6UoFVdGUBBIvcnEJv72qw",
        "summoner1Id": 2201,
        "summoner2Id": 2202,
        "teamId": 200,
        "teamPosition": "",
        "totalDamageDealtToChampions": 20311,
        "totalMinionsKilled": 0,
        "visionScore": 0,
        "win": false
      },
      "queueId": 1750
    },
    {
      "endOfGameResult": "GameComplete",
      "gameCreation": 1790238649668,
      "gameDuration": 1365,
      "gameEndTimestamp": 1790240036455,
      "gameMode": "CHERRY",
      "gameVersion": "16.19.821.7343",
      "matchId": "KR_8393207026",
      "player": {
        "assists": 14,
        "champLevel": 18,
        "championId": 105,
        "championName": "Fizz",
        "deaths": 7,
        "gameEndedInEarlySurrender": false,
        "goldEarned": 18740,
        "item0": 443064,
        "item1": 220012,
        "item2": 0,
        "item3": 0,
        "item4": 0,
        "item5": 0,
        "item6": 3348,
        "kills": 7,
        "neutralMinionsKilled": 0,
        "perks": {
          "keystone": 0,
          "primaryStyle": 0,
          "subStyle": 0
        },
        "placement": 2,
        "playerSubteamId": 2,
        "puuid": "NkQRxdiN3U3pEek5MWbWgaxzG_hpH5imJ9Ttch8ql5KM7D6p6Bh-Hbbvn6UoFVdGUBBIvcnEJv72qw",
        "summoner1Id": 2201,
        "summoner2Id": 2202,
        "teamId": 100,
        "teamPosition": "",
        "totalDamageDealtToChampions": 26993,
        "totalMinionsKilled": 0,
        "visionScore": 0,
        "win": true
      },
      "queueId": 1750
    }
  ],
  "platform": "kr",
  "puuid": "NkQRxdiN3U3pEek5MWbWgaxzG_hpH5imJ9Ttch8ql5KM7D6p6Bh-Hbbvn6UoFVdGUBBIvcnEJv72qw",
  "refreshAvailableIn": 0,
  "refreshed": false,
  "region": "asia",
  "start": 0,
  "warnings": []
}
